package fix_import

import (
	"context"
	"github.com/go-logr/zapr"
	"go.opentelemetry.io/otel/trace"
	"go.uber.org/zap"
)

func SomeFunc(ctx context.Context, eventType, deliveryID string, payload []byte) error {
	span := trace.SpanFromContext(ctx)
	log := zapr.NewLogger(zap.L()).WithValues("traceId", span.SpanContext().TraceID().String(), "spanId", span.SpanContext().SpanID().String(), "eventType", eventType, "deliverID", deliveryID) // want `missing traceId in logging keys`
	log = log.WithValues("eventType", "hello")
	log.Info("Tracing")
	return nil
}

func SomeFunc1(eventType, deliveryID string, payload []byte) error {
	log := zapr.NewLogger(zap.L()).WithValues("eventType", eventType, "deliverID", deliveryID) // cannot be detected
	log = log.WithValues("eventType", "hello")
	log.Info("Tracing")
	return nil
}